src/components/trading/futures-trading/FutureTradingChart.tsx(102,12): error TS2362: The left-hand side of an arithmetic operation must be of type 'any', 'number', 'bigint' or an enum type.
